Total reads: 136 Total writes: 70
class tests.Person -> reads: 136 writes: 70