Total reads: 7 Total writes: 2
class tests.Student -> reads: 7 writes: 2