Total reads: 1 Total writes: 1
class tests.Person -> reads: 1 writes: 1