Total reads: 1 Total writes: 1
class tests.Car -> reads: 1 writes: 1