Total reads: 1 Total writes: 0
class tests.Person -> reads: 1 writes: 0