Total reads: 2 Total writes: 0
class tests.Person -> reads: 2 writes: 0