Total reads: 0 Total writes: 1
class tests.Person -> reads: 0 writes: 1