Total reads: 4 Total writes: 0
class tests.Person -> reads: 4 writes: 0