Total reads: 3 Total writes: 2
class tests.StudentPAva -> reads: 3 writes: 2