Total reads: 2 Total writes: 1
class tests.Person -> reads: 2 writes: 1